Starting voice test...
DEBUG: Loading audio from upload/test.wav
DEBUG: Measuring pitch metrics...
DEBUG: Using UCI bundle model for voice analysis...
python : C:\Users\Abhishek\an
aconda3\Lib\site-packages\skl
earn\utils\validation.py:2739
: UserWarning: X does not 
have valid feature names, 
but MinMaxScaler was fitted 
with feature names
At line:1 char:1
+ python 
temp_test_voice_v2.py > 
test_log.txt 2>&1
+ ~~~~~~~~~~~~~~~~~~~~~~~~~~~
~~~~~~~~~~~~~~~~~~~~~
    + CategoryInfo           
   : NotSpecified: (C:\User  
  s\Abhish...h feature nam   
 es:String) [], RemoteExc    
eption
    + FullyQualifiedErrorId  
   : NativeCommandError
 
  warnings.warn(
CRASH_ERROR: cannot access local variable 'random' where it is not associated with a value
Traceback (most recent call 
last):
  File "C:\Users\Abhishek\Dow
nloads\AE117_ParkinsonDisease
Detection-20251208T083701Z-3-
001\AE117_ParkinsonDiseaseDet
ection\temp_test_voice_v2.py"
, line 37, in <module>
    result = testVoice()
  File "C:\Users\Abhishek\Dow
nloads\AE117_ParkinsonDisease
Detection-20251208T083701Z-3-
001\AE117_ParkinsonDiseaseDet
ection\voiceTest.py", line 
16, in testVoice
    return(predict(clf, 
audio_path)) # Returns 
(label, pattern, accuracy)
  File "C:\Users\Abhishek\Dow
nloads\AE117_ParkinsonDisease
Detection-20251208T083701Z-3-
001\AE117_ParkinsonDiseaseDet
ection\src\lib\RecognitionLib
.py", line 295, in predict
    accuracy = min(99.0, 
max(55.0, accuracy + 
random.uniform(-2.5, 2.5)))
                             
                 ^^^^^^
UnboundLocalError: cannot 
access local variable 
'random' where it is not 
associated with a value
Test script finished.
